=== typecheck ===

> blueprint@0.1.0 typecheck
> tsc --noEmit

EXIT=0
=== lint ===

> blueprint@0.1.0 lint
> eslint . && prettier --check .

Checking formatting...
All matched files use Prettier code style!
EXIT=0
=== test ===


 RUN  v4.1.3 C:/Users/AI Workspace/Projects/Blueprint Lab/blueprint


 Test Files  1 passed (1)
      Tests  2 passed (2)
   Start at  22:34:06
   Duration  569ms (transform 19ms, setup 0ms, import 30ms, tests 4ms, environment 437ms)

EXIT=0
=== test:e2e ===
> blueprint@0.1.0 test:e2e
> playwright test

[2m[WebServer] [22m[33m[1m⚠[22m[39m The "middleware" file convention is deprecated. Please use "proxy" instead. Learn more: https://nextjs.org/docs/messages/middleware-to-proxy

Running 1 test using 1 worker

  ok 1 [chromium] › e2e\home.spec.ts:4:5 › home page renders and is accessible (352ms)

  1 passed (10.0s)
EXIT=0
=== scan:secrets ===
> gitleaks detect --no-banner

[90m10:34PM[0m [32mINF[0m 21 commits scanned.
[90m10:34PM[0m [32mINF[0m scan completed in 98.4ms
[90m10:34PM[0m [32mINF[0m no leaks found
EXIT=0
=== audit ===
found 0 vulnerabilities
EXIT=0
=== rls ===
check-rls: OK
EXIT=0
=== tenant ===
check-tenant-id: OK
EXIT=0
=== forbidden ===
check-forbidden-terms: OK
EXIT=0
=== i18n ===
check-i18n: OK
EXIT=0
