
> blueprint@0.1.0 typecheck
> tsc --noEmit

===

> blueprint@0.1.0 lint
> eslint . && prettier --check .

Checking formatting...
[[33mwarn[39m] src/components/cursor/earth-scene.tsx
[[33mwarn[39m] Code style issues found in the above file. Run Prettier with --write to fix.
> blueprint@0.1.0 lint
> eslint . && prettier --check .

Checking formatting...
All matched files use Prettier code style!
===
 RUN  v4.1.3 C:/Users/AI Workspace/Projects/Blueprint Lab/blueprint

Not implemented: HTMLCanvasElement's getContext() method: without installing the canvas npm package
Not implemented: HTMLCanvasElement's getContext() method: without installing the canvas npm package

 Test Files  11 passed (11)
      Tests  251 passed (251)
   Start at  00:46:34
   Duration  1.12s (transform 422ms, setup 0ms, import 1.33s, tests 269ms, environment 7.23s)

===

Running 1 test using 1 worker

  ok 1 [chromium] › e2e\home.spec.ts:4:5 › home page renders and is accessible (496ms)

  1 passed (3.4s)
[90m12:46AM[0m [32mINF[0m 47 commits scanned.
[90m12:46AM[0m [32mINF[0m scan completed in 195ms
[90m12:46AM[0m [32mINF[0m no leaks found
> npm audit --audit-level=high

found 0 vulnerabilities

check-rls: OK

check-tenant-id: OK

check-forbidden-terms: OK

check-i18n: OK
