
> blueprint@0.1.0 typecheck
> tsc --noEmit


> blueprint@0.1.0 lint
> eslint . && prettier --check .


C:\Users\AI Workspace\Projects\Blueprint Lab\blueprint\src\app\[locale]\earth-preview\page.tsx
  61:25  error  Error: Cannot access refs during render

React refs are values that are not needed for rendering. Refs should only be accessed outside of render, such as in event handlers or effects. Accessing a ref value (the `current` property) during render can cause your component not to update as expected (https://react.dev/reference/react/useRef).

C:\Users\AI Workspace\Projects\Blueprint Lab\blueprint\src\app\[locale]\earth-preview\page.tsx:61:25
  59 |           <ambientLight intensity={0.4} />
  60 |           <directionalLight position={[5, 5, 5]} intensity={1} />
> 61 |           <CameraRig y={cameraY.current} />
     |                         ^^^^^^^^^^^^^^^ Cannot access ref value during render
  62 |           <Earth />
  63 |           <Particles handleRef={handleRef} />
  64 |           <PipelineScene litIndex={litIndex} />  react-hooks/refs

✖ 1 problem (1 error, 0 warnings)


> blueprint@0.1.0 lint
> eslint . && prettier --check .


C:\Users\AI Workspace\Projects\Blueprint Lab\blueprint\src\app\[locale]\earth-preview\page.tsx
  53:6  warning  React Hook useEffect has a missing dependency: 'cameraY'. Either include it or remove the dependency array  react-hooks/exhaustive-deps

✖ 1 problem (0 errors, 1 warning)

Checking formatting...
All matched files use Prettier code style!

> blueprint@0.1.0 lint
> eslint . && prettier --check .

Checking formatting...
All matched files use Prettier code style!

> blueprint@0.1.0 test
> vitest run


 RUN  v4.1.3 C:/Users/AI Workspace/Projects/Blueprint Lab/blueprint

Not implemented: HTMLCanvasElement's getContext() method: without installing the canvas npm package
Not implemented: HTMLCanvasElement's getContext() method: without installing the canvas npm package

 Test Files  13 passed (13)
      Tests  256 passed (256)
   Start at  01:44:28
   Duration  1.22s (transform 479ms, setup 0ms, import 1.68s, tests 323ms, environment 9.10s)


> blueprint@0.1.0 test:e2e
> playwright test


Running 1 test using 1 worker

  ok 1 [chromium] › e2e\home.spec.ts:4:5 › home page renders and is accessible (480ms)

  1 passed (3.5s)

> blueprint@0.1.0 scan:secrets
> gitleaks detect --no-banner

[90m1:44AM[0m [32mINF[0m 51 commits scanned.
[90m1:44AM[0m [32mINF[0m scan completed in 189ms
[90m1:44AM[0m [32mINF[0m no leaks found

> blueprint@0.1.0 scan:deps
> npm audit --audit-level=high

found 0 vulnerabilities

> blueprint@0.1.0 scan:rls
> bash scripts/check-rls.sh

check-rls: OK

> blueprint@0.1.0 scan:tenant
> bash scripts/check-tenant-id.sh

check-tenant-id: OK

> blueprint@0.1.0 scan:forbidden
> bash scripts/check-forbidden-terms.sh

check-forbidden-terms: OK

> blueprint@0.1.0 scan:i18n
> bash scripts/check-i18n.sh

check-i18n: OK
