
> blueprint@0.1.0 typecheck
> tsc --noEmit


> blueprint@0.1.0 lint
> eslint . && prettier --check .

Checking formatting...
All matched files use Prettier code style!

> blueprint@0.1.0 test:e2e
> playwright test


Running 3 tests using 3 workers

  ok 2 [chromium] › e2e\cursor-happy-path.spec.ts:14:5 › Scenario A — cinematic happy path reveals hero + replay (453ms)
  ok 1 [chromium] › e2e\cursor-reduced-motion.spec.ts:8:5 › Scenario B — reduced-motion reveals hero immediately (480ms)
  ok 3 [chromium] › e2e\home.spec.ts:4:5 › home page renders and is accessible (726ms)

  3 passed (3.6s)

> blueprint@0.1.0 scan:secrets
> gitleaks detect --no-banner

[90m3:12AM[0m [32mINF[0m 69 commits scanned.
[90m3:12AM[0m [32mINF[0m scan completed in 198ms
[90m3:12AM[0m [32mINF[0m no leaks found

> blueprint@0.1.0 scan:forbidden
> bash scripts/check-forbidden-terms.sh

check-forbidden-terms: OK

> blueprint@0.1.0 scan:i18n
> bash scripts/check-i18n.sh

check-i18n: OK
