
> blueprint@0.1.0 typecheck
> tsc --noEmit


> blueprint@0.1.0 lint
> eslint . && prettier --check .

Checking formatting...
All matched files use Prettier code style!

> blueprint@0.1.0 test
> vitest run


 RUN  v4.1.3 C:/Users/AI Workspace/Projects/Blueprint Lab/blueprint

Not implemented: HTMLCanvasElement's getContext() method: without installing the canvas npm package
Not implemented: HTMLCanvasElement's getContext() method: without installing the canvas npm package

 Test Files  19 passed (19)
      Tests  268 passed (268)
   Start at  03:32:56
   Duration  1.67s (transform 1.13s, setup 0ms, import 3.94s, tests 921ms, environment 17.41s)


> blueprint@0.1.0 test:e2e
> playwright test


Running 4 tests using 4 workers

  ok 1 [chromium] › e2e\cursor-happy-path.spec.ts:14:5 › Scenario A — cinematic happy path reveals hero + replay (499ms)
  ok 2 [chromium] › e2e\cursor-reduced-motion.spec.ts:8:5 › Scenario B — reduced-motion reveals hero immediately (518ms)
  ok 4 [chromium] › e2e\home.spec.ts:4:5 › home page renders and is accessible (727ms)
  ok 3 [chromium] › e2e\cursor-skip.spec.ts:4:5 › Scenario C — skip link keyboard shortcut reveals hero fast (1.7s)

  4 passed (3.7s)

> blueprint@0.1.0 scan:secrets
> gitleaks detect --no-banner

[90m3:33AM[0m [32mINF[0m 72 commits scanned.
[90m3:33AM[0m [32mINF[0m scan completed in 205ms
[90m3:33AM[0m [32mINF[0m no leaks found

> blueprint@0.1.0 scan:forbidden
> bash scripts/check-forbidden-terms.sh

check-forbidden-terms: OK

> blueprint@0.1.0 scan:i18n
> bash scripts/check-i18n.sh

check-i18n: OK
