
> blueprint@0.1.0 typecheck
> tsc --noEmit


> blueprint@0.1.0 lint
> eslint . && prettier --check .

Checking formatting...
All matched files use Prettier code style!

> blueprint@0.1.0 test:e2e
> playwright test


Running 6 tests using 6 workers

  ok 3 [chromium] › e2e\cursor-happy-path.spec.ts:15:5 › Scenario A — cinematic happy path reveals hero + replay (1.0s)
  ok 5 [chromium] › e2e\home.spec.ts:4:5 › home page renders and is accessible (1.1s)
  ok 2 [chromium] › e2e\cursor-reduced-motion.spec.ts:9:5 › Scenario B — reduced-motion reveals hero immediately (1.1s)
  ok 1 [chromium] › e2e\cursor-api-down.spec.ts:11:5 › Scenario E — head-commit API down still reveals hero (1.1s)
  ok 6 [chromium] › e2e\cursor-skip.spec.ts:5:5 › Scenario C — skip link keyboard shortcut reveals hero fast (2.1s)
  x  4 [chromium] › e2e\cursor-mobile.spec.ts:14:5 › Scenario D — mobile cinematic plays without three.js and reveals hero (7.8s)


  1) [chromium] › e2e\cursor-mobile.spec.ts:14:5 › Scenario D — mobile cinematic plays without three.js and reveals hero 

    Error: [2mexpect([22m[31mreceived[39m[2m).[22mtoEqual[2m([22m[32mexpected[39m[2m) // deep equality[22m

    [32m- Expected  -  1[39m
    [31m+ Received  + 58[39m

    [32m- Array [][39m
    [31m+ Array [[39m
    [31m+   Object {[39m
    [31m+     "description": "Ensure the contrast between foreground and background colors meets WCAG 2 AA minimum contrast ratio thresholds",[39m
    [31m+     "help": "Elements must meet minimum color contrast ratio thresholds",[39m
    [31m+     "helpUrl": "https://dequeuniversity.com/rules/axe/4.11/color-contrast?application=playwright",[39m
    [31m+     "id": "color-contrast",[39m
    [31m+     "impact": "serious",[39m
    [31m+     "nodes": Array [[39m
    [31m+       Object {[39m
    [31m+         "all": Array [],[39m
    [31m+         "any": Array [[39m
    [31m+           Object {[39m
    [31m+             "data": Object {[39m
    [31m+               "bgColor": "#999999",[39m
    [31m+               "contrastRatio": 2.38,[39m
    [31m+               "expectedContrastRatio": "4.5:1",[39m
    [31m+               "fgColor": "#ebebeb",[39m
    [31m+               "fontSize": "10.5pt (14px)",[39m
    [31m+               "fontWeight": "normal",[39m
    [31m+               "messageKey": null,[39m
    [31m+             },[39m
    [31m+             "id": "color-contrast",[39m
    [31m+             "impact": "serious",[39m
    [31m+             "message": "Element has insufficient color contrast of 2.38 (foreground color: #ebebeb, background color: #999999, font size: 10.5pt (14px), font weight: normal). Expected contrast ratio of 4.5:1",[39m
    [31m+             "relatedNodes": Array [[39m
    [31m+               Object {[39m
    [31m+                 "html": "<button type=\"button\" aria-label=\"Skip cinematic intro\" class=\"fixed bottom-6 right...\">",[39m
    [31m+                 "target": Array [[39m
    [31m+                   ".fixed",[39m
    [31m+                 ],[39m
    [31m+               },[39m
    [31m+             ],[39m
    [31m+           },[39m
    [31m+         ],[39m
    [31m+         "failureSummary": "Fix any of the following:[39m
    [31m+   Element has insufficient color contrast of 2.38 (foreground color: #ebebeb, background color: #999999, font size: 10.5pt (14px), font weight: normal). Expected contrast ratio of 4.5:1",[39m
    [31m+         "html": "<button type=\"button\" aria-label=\"Skip cinematic intro\" class=\"fixed bottom-6 right...\">",[39m
    [31m+         "impact": "serious",[39m
    [31m+         "none": Array [],[39m
    [31m+         "target": Array [[39m
    [31m+           ".fixed",[39m
    [31m+         ],[39m
    [31m+       },[39m
    [31m+     ],[39m
    [31m+     "tags": Array [[39m
    [31m+       "cat.color",[39m
    [31m+       "wcag2aa",[39m
    [31m+       "wcag143",[39m
    [31m+       "TTv5",[39m
    [31m+       "TT13.c",[39m
    [31m+       "EN-301-549",[39m
    [31m+       "EN-9.1.4.3",[39m
    [31m+       "ACT",[39m
    [31m+       "RGAAv4",[39m
    [31m+       "RGAA-3.2.1",[39m
    [31m+     ],[39m
    [31m+   },[39m
    [31m+ ][39m

      40 |     .withTags(["wcag2a", "wcag2aa", "wcag21a", "wcag21aa"])
      41 |     .analyze();
    > 42 |   expect(axe.violations).toEqual([]);
         |                          ^
      43 | });
      44 |
        at C:\Users\AI Workspace\Projects\Blueprint Lab\blueprint\e2e\cursor-mobile.spec.ts:42:26

    Error Context: test-results\cursor-mobile-Scenario-D-—-c62bb-t-three-js-and-reveals-hero-chromium\error-context.md

    attachment #2: trace (application/zip) ─────────────────────────────────────────────────────────
    test-results\cursor-mobile-Scenario-D-—-c62bb-t-three-js-and-reveals-hero-chromium\trace.zip
    Usage:

        npx playwright show-trace test-results\cursor-mobile-Scenario-D-—-c62bb-t-three-js-and-reveals-hero-chromium\trace.zip

    ────────────────────────────────────────────────────────────────────────────────────────────────

  1 failed
    [chromium] › e2e\cursor-mobile.spec.ts:14:5 › Scenario D — mobile cinematic plays without three.js and reveals hero 
  5 passed (8.8s)
