
> blueprint@0.1.0 typecheck
> tsc --noEmit


> blueprint@0.1.0 lint
> eslint . && prettier --check .

Checking formatting...
All matched files use Prettier code style!

> blueprint@0.1.0 test
> vitest run


 RUN  v4.1.3 C:/Users/AI Workspace/Projects/Blueprint Lab/blueprint

Not implemented: HTMLCanvasElement's getContext() method: without installing the canvas npm package
Not implemented: HTMLCanvasElement's getContext() method: without installing the canvas npm package

 Test Files  19 passed (19)
      Tests  268 passed (268)
   Start at  04:34:41
   Duration  1.60s (transform 1.03s, setup 0ms, import 3.44s, tests 832ms, environment 16.84s)


> blueprint@0.1.0 test:e2e
> playwright test


Running 6 tests using 6 workers

  ok 1 [chromium] › e2e\cursor-happy-path.spec.ts:15:5 › Scenario A — cinematic happy path reveals hero + replay (1.0s)
  ok 5 [chromium] › e2e\home.spec.ts:4:5 › home page renders and is accessible (1.0s)
  ok 3 [chromium] › e2e\cursor-reduced-motion.spec.ts:9:5 › Scenario B — reduced-motion reveals hero immediately (1.1s)
  ok 4 [chromium] › e2e\cursor-api-down.spec.ts:11:5 › Scenario E — head-commit API down still reveals hero (1.1s)
  ok 2 [chromium] › e2e\cursor-skip.spec.ts:5:5 › Scenario C — skip link keyboard shortcut reveals hero fast (2.1s)
  ok 6 [chromium] › e2e\cursor-mobile.spec.ts:14:5 › Scenario D — mobile cinematic plays without three.js and reveals hero (7.7s)

  6 passed (8.6s)

> blueprint@0.1.0 scan:secrets
> gitleaks detect --no-banner

[90m4:35AM[0m [32mINF[0m 80 commits scanned.
[90m4:35AM[0m [32mINF[0m scan completed in 211ms
[90m4:35AM[0m [32mINF[0m no leaks found

> blueprint@0.1.0 scan:forbidden
> bash scripts/check-forbidden-terms.sh

check-forbidden-terms: OK

> blueprint@0.1.0 scan:i18n
> bash scripts/check-i18n.sh

check-i18n: OK
