
> blueprint@0.1.0 prebuild
> tsx scripts/collect-build-metadata.ts

[collect-build-metadata] sha=b4e1216 specs=2 tasks=184

> blueprint@0.1.0 build
> next build --webpack

▲ Next.js 16.2.2 (webpack)
- Environments: .env.local

⚠ The "middleware" file convention is deprecated. Please use "proxy" instead. Learn more: https://nextjs.org/docs/messages/middleware-to-proxy
  Creating an optimized production build ...
⨯ page.tsx doesn't have a root layout. To fix this error, make sure every page has a root layout.
  Analyzing a production build...
✓ Analyze completed in 2.6s.
  Bundle analyzer available at http://localhost:4000

> blueprint@0.1.0 prebuild
> tsx scripts/collect-build-metadata.ts

[collect-build-metadata] sha=b4e1216 specs=2 tasks=184

> blueprint@0.1.0 build
> next build

▲ Next.js 16.2.2 (Turbopack)
- Environments: .env.local

⚠ The "middleware" file convention is deprecated. Please use "proxy" instead. Learn more: https://nextjs.org/docs/messages/middleware-to-proxy
  Creating an optimized production build ...
✓ Compiled successfully in 2.5s
  Running TypeScript ...
  Finished TypeScript in 2.5s ...
  Collecting page data using 8 workers ...
⚠ Using edge runtime on a page currently disables static generation for that page
  Generating static pages using 8 workers (0/12) ...
  Generating static pages using 8 workers (3/12) 
  Generating static pages using 8 workers (6/12) 
  Generating static pages using 8 workers (9/12) 
✓ Generating static pages using 8 workers (12/12) in 362ms
  Finalizing page optimization ...

Route (app)
┌ ○ /
├ ○ /_not-found
├ ● /[locale]
│ ├ /en
│ ├ /fr
│ ├ /ar
│ └ /nl
├ ● /[locale]/earth-preview
│ ├ /en/earth-preview
│ ├ /fr/earth-preview
│ ├ /ar/earth-preview
│ └ /nl/earth-preview
└ ƒ /api/head-commit


ƒ Proxy (Middleware)

○  (Static)   prerendered as static content
●  (SSG)      prerendered as static HTML (uses generateStaticParams)
ƒ  (Dynamic)  server-rendered on demand


> blueprint@0.1.0 prebuild
> tsx scripts/collect-build-metadata.ts

[collect-build-metadata] sha=b4e1216 specs=2 tasks=184

> blueprint@0.1.0 build
> next build --webpack

▲ Next.js 16.2.2 (webpack)
- Environments: .env.local

⚠ The "middleware" file convention is deprecated. Please use "proxy" instead. Learn more: https://nextjs.org/docs/messages/middleware-to-proxy
  Creating an optimized production build ...
✓ Compiled successfully in 7.2s
  Running TypeScript ...
  Finished TypeScript in 2.5s ...
  Collecting page data using 7 workers ...
⚠ Using edge runtime on a page currently disables static generation for that page
  Generating static pages using 7 workers (0/11) ...
  Generating static pages using 7 workers (2/11) 
  Generating static pages using 7 workers (5/11) 
  Generating static pages using 7 workers (8/11) 
✓ Generating static pages using 7 workers (11/11) in 431ms
  Finalizing page optimization ...
  Collecting build traces ...

Route (app)
┌ ○ /_not-found
├ ● /[locale]
│ ├ /en
│ ├ /fr
│ ├ /ar
│ └ /nl
├ ● /[locale]/earth-preview
│ ├ /en/earth-preview
│ ├ /fr/earth-preview
│ ├ /ar/earth-preview
│ └ /nl/earth-preview
└ ƒ /api/head-commit


ƒ Proxy (Middleware)

○  (Static)   prerendered as static content
●  (SSG)      prerendered as static HTML (uses generateStaticParams)
ƒ  (Dynamic)  server-rendered on demand


> blueprint@0.1.0 prebuild
> tsx scripts/collect-build-metadata.ts

[collect-build-metadata] sha=b4e1216 specs=2 tasks=184

> blueprint@0.1.0 build
> next build --webpack

▲ Next.js 16.2.2 (webpack)
- Environments: .env.local

⚠ The "middleware" file convention is deprecated. Please use "proxy" instead. Learn more: https://nextjs.org/docs/messages/middleware-to-proxy
  Creating an optimized production build ...
[1mWebpack Bundle Analyzer[22m saved report to [1mC:\Users\AI Workspace\Projects\Blueprint Lab\blueprint\.next\analyze\nodejs.html[22m
[1mWebpack Bundle Analyzer[22m saved report to [1mC:\Users\AI Workspace\Projects\Blueprint Lab\blueprint\.next\analyze\edge.html[22m
[1mWebpack Bundle Analyzer[22m saved report to [1mC:\Users\AI Workspace\Projects\Blueprint Lab\blueprint\.next\analyze\client.html[22m
✓ Compiled successfully in 2.8s
  Running TypeScript ...
  Finished TypeScript in 2.4s ...
  Collecting page data using 7 workers ...
⚠ Using edge runtime on a page currently disables static generation for that page
  Generating static pages using 7 workers (0/11) ...
  Generating static pages using 7 workers (2/11) 
  Generating static pages using 7 workers (5/11) 
  Generating static pages using 7 workers (8/11) 
✓ Generating static pages using 7 workers (11/11) in 432ms
  Finalizing page optimization ...
  Collecting build traces ...

Route (app)
┌ ○ /_not-found
├ ● /[locale]
│ ├ /en
│ ├ /fr
│ ├ /ar
│ └ /nl
├ ● /[locale]/earth-preview
│ ├ /en/earth-preview
│ ├ /fr/earth-preview
│ ├ /ar/earth-preview
│ └ /nl/earth-preview
└ ƒ /api/head-commit


ƒ Proxy (Middleware)

○  (Static)   prerendered as static content
●  (SSG)      prerendered as static HTML (uses generateStaticParams)
ƒ  (Dynamic)  server-rendered on demand

   59724  .next/static/chunks/framework-93cda6578f6c76ec.js
   37722  .next/static/chunks/main-a7ca0f28e478b8b2.js
    2889  .next/static/chunks/app/[locale]/page-9d460aa7cc02eb6e.js
    2187  .next/static/chunks/app/[locale]/layout-7ff188161aeb5c18.js
    1903  .next/static/chunks/webpack-1953eb7015b72530.js
     252  .next/static/chunks/main-app-b58fe66b33ae199b.js
     252  .next/static/chunks/main-app-b58fe66b33ae199b.js

=== T020 summary ===
initial JS gzipped (locale page route): ~104KB
  framework  59724
  main       37722
  page       2889
  layout     2187
  webpack    1903
  main-app   252
  TOTAL      ~104KB (well under 180KB)
plus polyfills 39509 → ~144KB total initial
three.js confirmed in lazy chunk: b536a0f1-887919b94b56e381.js (648KB raw, 165KB gz max in analyzer)
mobile cinematic chunk has zero three (verified by e2e/cursor-mobile.spec.ts request listener)

Lighthouse desktop: perf=1.00 a11y=1.00 bp=1.00 seo=1.00
Lighthouse mobile:  perf=0.91 a11y=1.00 bp=1.00 seo=1.00
All targets hit (mobile≥85, desktop≥95, a11y=100, bp≥95, seo=100)


> blueprint@0.1.0 typecheck
> tsc --noEmit


> blueprint@0.1.0 lint
> eslint . && prettier --check .

Checking formatting...
All matched files use Prettier code style!

> blueprint@0.1.0 test
> vitest run


 RUN  v4.1.3 C:/Users/AI Workspace/Projects/Blueprint Lab/blueprint

Not implemented: HTMLCanvasElement's getContext() method: without installing the canvas npm package
Not implemented: HTMLCanvasElement's getContext() method: without installing the canvas npm package

 Test Files  19 passed (19)
      Tests  268 passed (268)
   Start at  05:04:02
   Duration  1.65s (transform 1.16s, setup 0ms, import 3.91s, tests 886ms, environment 17.45s)


> blueprint@0.1.0 test:e2e
> playwright test

[2m[WebServer] [22m[33m[1m⚠[22m[39m The "middleware" file convention is deprecated. Please use "proxy" instead. Learn more: https://nextjs.org/docs/messages/middleware-to-proxy
[2m[WebServer] [22m[33m[1m⚠[22m[39m Using edge runtime on a page currently disables static generation for that page

Running 6 tests using 6 workers

  ok 2 [chromium] › e2e\cursor-happy-path.spec.ts:15:5 › Scenario A — cinematic happy path reveals hero + replay (830ms)
  ok 1 [chromium] › e2e\cursor-reduced-motion.spec.ts:9:5 › Scenario B — reduced-motion reveals hero immediately (838ms)
  ok 3 [chromium] › e2e\home.spec.ts:4:5 › home page renders and is accessible (844ms)
  ok 5 [chromium] › e2e\cursor-api-down.spec.ts:11:5 › Scenario E — head-commit API down still reveals hero (853ms)
  ok 4 [chromium] › e2e\cursor-skip.spec.ts:5:5 › Scenario C — skip link keyboard shortcut reveals hero fast (1.9s)
  ok 6 [chromium] › e2e\cursor-mobile.spec.ts:14:5 › Scenario D — mobile cinematic plays without three.js and reveals hero (7.4s)

  6 passed (16.4s)

> blueprint@0.1.0 scan:secrets
> gitleaks detect --no-banner

[90m5:04AM[0m [32mINF[0m 82 commits scanned.
[90m5:04AM[0m [32mINF[0m scan completed in 228ms
[90m5:04AM[0m [32mINF[0m no leaks found
