
> blueprint@0.1.0 pretypecheck
> tsx scripts/collect-build-metadata.ts

[collect-build-metadata] sha=a672d8a specs=2 tasks=184

> blueprint@0.1.0 typecheck
> tsc --noEmit

src/components/cursor/cinematic-error-boundary.tsx(22,11): error TS2345: Argument of type '"cinematic_crashed"' is not assignable to parameter of type 'CinematicEvent'.

> blueprint@0.1.0 pretypecheck
> tsx scripts/collect-build-metadata.ts

[collect-build-metadata] sha=a672d8a specs=2 tasks=184

> blueprint@0.1.0 typecheck
> tsc --noEmit


> blueprint@0.1.0 lint
> eslint . && prettier --check .

Checking formatting...
All matched files use Prettier code style!

> blueprint@0.1.0 test
> vitest run


 RUN  v4.1.3 C:/Users/AI Workspace/Projects/Blueprint Lab/blueprint

Not implemented: HTMLCanvasElement's getContext() method: without installing the canvas npm package
Not implemented: HTMLCanvasElement's getContext() method: without installing the canvas npm package

 Test Files  19 passed (19)
      Tests  268 passed (268)
   Start at  12:21:09
   Duration  1.99s (transform 1.21s, setup 0ms, import 4.43s, tests 939ms, environment 20.83s)

[collect-build-metadata] sha=99840d9 specs=2 tasks=184

> blueprint@0.1.0 typecheck
> tsc --noEmit

 RUN  v4.1.3 C:/Users/AI Workspace/Projects/Blueprint Lab/blueprint

Not implemented: HTMLCanvasElement's getContext() method: without installing the canvas npm package
Not implemented: HTMLCanvasElement's getContext() method: without installing the canvas npm package

 Test Files  19 passed (19)
      Tests  268 passed (268)
   Start at  12:26:18
   Duration  2.18s (transform 1.41s, setup 0ms, import 4.71s, tests 957ms, environment 22.14s)

